// 重构日志: feb4fd1d
// 重构日志: b0a817a0
// 同步 ID: 60ab2daa @ Mon Jul 13 12:12:04 UTC 2026
// 重构日志: c1b95bd9
// 重构日志: 56357b8b
// 重构日志: 058f8902
// 重构日志: c99b8e8b
// 重构日志: 94a28efc
// 重构日志: 0b08f84f
// 重构日志: 5030752d
// 同步 ID: eb2ffb45 @ Tue Jul 21 13:44:32 UTC 2026
// 重构日志: 47468739
// 同步 ID: cd7c5407 @ Fri Jul 24 07:10:52 UTC 2026
// 同步 ID: d0a3bae7 @ Sun Jul 26 09:12:40 UTC 2026
// 同步 ID: 23709f4d @ Sun Jul 26 16:36:25 UTC 2026
// 重构日志: 4f886323
// 同步 ID: e8e206c0 @ Wed Jul 29 08:13:12 UTC 2026
// 重构日志: 44034639
// 重构日志: 4d3ed80f
// 重构日志: fe63eb14
// 同步 ID: eab6a3e1 @ Fri Jul 31 16:07:18 UTC 2026
// 同步 ID: 024441fc @ Sat Aug  1 10:09:55 UTC 2026
// 同步 ID: b3ade7d1 @ Sat Aug  1 12:15:49 UTC 2026
// 重构日志: 9a11bcec
// 同步 ID: eeaae97b @ Mon Aug  3 09:09:59 UTC 2026
// 同步 ID: bda98fa8 @ Tue Aug  4 04:11:02 UTC 2026
// 重构日志: c0fc13a5
// 同步 ID: fbe98ca4 @ Wed Aug  5 16:10:44 UTC 2026
// 重构日志: e7951d6a
// 同步 ID: 2751c37e @ Fri Aug  7 11:40:38 UTC 2026
